1) File not found
hrs8207@nessie:~/Desktop/Parallel/Team Project$ java pj2 debug=makespan SubsetSumSmp input_files/in0111.txt

SubsetSumSeq: The input file is not found in the current directory. Please recheck if the filename is entered correctly.
Usage: java pj2 SubsetSumSeq <input_file> [p]
<input_file> = file containing n objects for a set.
[p] - optinal parameter p to print the final 2D table.
Job 8472 makespan 35 msec


2) Subset sum doesn't exist

---Sequential program
hrs8207@nessie:~/Desktop/Parallel/Team Project$ java pj2 debug=makespan SubsetSumSeq in022.txt p

Total number of elements in a set: 3
Target Sum: 4
Subset Sum doesn't exist.
   S   W      0   1   2   3   4
   0   0    0 1   0   0   0   0
   1   1    1 1   1   0   0   0
   3   2    2 1   1   1   1   0
   8   5    3 1   1   1   1   0
Job 8474 makespan 59 msec

---Parallel program
hrs8207@nessie:~/Desktop/Parallel/Team Project$ java pj2 debug=makespan SubsetSumSmp in022.txt p
Total number of elements in a set: 3
Target Sum: 4
Subset Sum doesn't exist.
   S   W      0   1   2   3   4
   0   0    0 1   0   0   0   0
   1   1    1 1   1   0   0   0
   3   2    2 1   1   1   1   0
   8   5    3 1   1   1   1   0
Job 8473 makespan 88 msec


3) Sequential program and parallel program with cores=4

hrs8207@nessie:~/Desktop/Parallel/Team Project$ java pj2 debug=makespan SubsetSumSeq in01.txt
Total number of elements in a set: 10000
Target Sum: 252456
Subset Sum exists.
Job 2159 makespan 25874 msec

hrs8207@nessie:~/Desktop/Parallel/Team Project$ java pj2 debug=makespan cores=4 SubsetSumSmp in01.txt
Total number of elements in a set: 10000
Target Sum: 252456
Subset Sum exists.
Job 2160 makespan 7511 msec


4) Sequential program and parallel program with cores=4 and printing 2-D dynamic table

hrs8207@nessie:~/Desktop/Parallel/Team Project$ java pj2 debug=makespan SubsetSumSeq in011.txt p
Total number of elements in a set: 11
Target Sum: 28
Subset Sum exists.
   S   W      0   1   2   3   4   5   6   7   8   9  10  11  12  13  14  15  16  17  18  19  20  21  22  23  24  25  26  27  28
   0   0    0 1   0   0   0   0   0   0   0   0   0   0   0   0   0   0   0   0   0   0   0   0   0   0   0   0   0   0   0   0
   1   1    1 1   1   0   0   0   0   0   0   0   0   0   0   0   0   0   0   0   0   0   0   0   0   0   0   0   0   0   0   0
   3   2    2 1   1   1   1   0   0   0   0   0   0   0   0   0   0   0   0   0   0   0   0   0   0   0   0   0   0   0   0   0
   6   3    3 1   1   1   1   1   1   1   0   0   0   0   0   0   0   0   0   0   0   0   0   0   0   0   0   0   0   0   0   0
  10   4    4 1   1   1   1   1   1   1   1   1   1   1   0   0   0   0   0   0   0   0   0   0   0   0   0   0   0   0   0   0
  15   5    5 1   1   1   1   1   1   1   1   1   1   1   1   1   1   1   1   0   0   0   0   0   0   0   0   0   0   0   0   0
  21   6    6 1   1   1   1   1   1   1   1   1   1   1   1   1   1   1   1   1   1   1   1   1   1   0   0   0   0   0   0   0
  28   7    7 1   1   1   1   1   1   1   1   1   1   1   1   1   1   1   1   1   1   1   1   1   1   1   1   1   1   1   1   1
  36   8    8 1   1   1   1   1   1   1   1   1   1   1   1   1   1   1   1   1   1   1   1   1   1   1   1   1   1   1   1   1
  45   9    9 1   1   1   1   1   1   1   1   1   1   1   1   1   1   1   1   1   1   1   1   1   1   1   1   1   1   1   1   1
  55  10   10 1   1   1   1   1   1   1   1   1   1   1   1   1   1   1   1   1   1   1   1   1   1   1   1   1   1   1   1   1
  56   1   11 1   1   1   1   1   1   1   1   1   1   1   1   1   1   1   1   1   1   1   1   1   1   1   1   1   1   1   1   1
Job 2163 makespan 71 msec

hrs8207@nessie:~/Desktop/Parallel/Team Project$ java pj2 debug=makespan cores=4 SubsetSumSmp in011.txt p
Total number of elements in a set: 11
Target Sum: 28
Subset Sum exists.
   S   W      0   1   2   3   4   5   6   7   8   9  10  11  12  13  14  15  16  17  18  19  20  21  22  23  24  25  26  27  28
   0   0    0 1   0   0   0   0   0   0   0   0   0   0   0   0   0   0   0   0   0   0   0   0   0   0   0   0   0   0   0   0
   1   1    1 1   1   0   0   0   0   0   0   0   0   0   0   0   0   0   0   0   0   0   0   0   0   0   0   0   0   0   0   0
   3   2    2 1   1   1   1   0   0   0   0   0   0   0   0   0   0   0   0   0   0   0   0   0   0   0   0   0   0   0   0   0
   6   3    3 1   1   1   1   1   1   1   0   0   0   0   0   0   0   0   0   0   0   0   0   0   0   0   0   0   0   0   0   0
  10   4    4 1   1   1   1   1   1   1   1   1   1   1   0   0   0   0   0   0   0   0   0   0   0   0   0   0   0   0   0   0
  15   5    5 1   1   1   1   1   1   1   1   1   1   1   1   1   1   1   1   0   0   0   0   0   0   0   0   0   0   0   0   0
  21   6    6 1   1   1   1   1   1   1   1   1   1   1   1   1   1   1   1   1   1   1   1   1   1   0   0   0   0   0   0   0
  28   7    7 1   1   1   1   1   1   1   1   1   1   1   1   1   1   1   1   1   1   1   1   1   1   1   1   1   1   1   1   1
  36   8    8 1   1   1   1   1   1   1   1   1   1   1   1   1   1   1   1   1   1   1   1   1   1   1   1   1   1   1   1   1
  45   9    9 1   1   1   1   1   1   1   1   1   1   1   1   1   1   1   1   1   1   1   1   1   1   1   1   1   1   1   1   1
  55  10   10 1   1   1   1   1   1   1   1   1   1   1   1   1   1   1   1   1   1   1   1   1   1   1   1   1   1   1   1   1
  56   1   11 1   1   1   1   1   1   1   1   1   1   1   1   1   1   1   1   1   1   1   1   1   1   1   1   1   1   1   1   1
Job 2164 makespan 96 msec


5) Input with total sum odd. (which shouldn't be the case; target sum must be even)

hrs8207@nessie:~/Desktop/Parallel/Team Project$ java pj2 debug=makespan cores=4 SubsetSumSmp in02.txt
SubsetSumSeq: No subset can be found as sum of all elements is odd. It must be even for the 2D table to be made.
Usage: java pj2 SubsetSumSeq <input_file> [p]
<input_file> = file containing n objects for a set.
[p] - optinal parameter p to print the final 2D table.
Job 2165 makespan 110 msec
